C51 COMPILER V9.60.0.0   DIG4201                                                           05/08/2020 23:04:03 PAGE 1   


C51 COMPILER V9.60.0.0, COMPILATION OF MODULE DIG4201
OBJECT MODULE PLACED IN .\Objects\DIG4201.obj
COMPILER INVOKED BY: D:\Keil_v5\C51\BIN\C51.EXE DIG4201.c OMF2 OPTIMIZE(8,SPEED) BROWSE DEBUG PRINT(.\Listings\DIG4201.l
                    -st) TABS(2) OBJECT(.\Objects\DIG4201.obj)

line level    source

   1          #include <STC8.H>
   2          #include "DIG4201.h"
   3          
   4          #if 0
              sbit DIG_CS1 =P1^7;//5
              sbit DIG_CS2 =P1^1;//10
              sbit DIG_A =P1^4;//7
              sbit DIG_B =P1^3;//6
              sbit DIG_C =P1^0;//4
              sbit DIG_D =P1^2;//1
              sbit DIG_E =P3^7;//3
              sbit DIG_F =P1^5;//8
              sbit DIG_G =P1^6;//9
              sbit DIG_dp =P3^6;//2
              #else //由于电路设计问题 所以对调IO 
  16          sbit DIG_CS1 =P1^1;//5
  17          sbit DIG_CS2 =P1^7;//10
  18          sbit DIG_A =P3^6;//7
  19          sbit DIG_B =P1^2;//6
  20          sbit DIG_C =P1^6;//4
  21          sbit DIG_D =P1^3;//1
  22          sbit DIG_E =P1^5;//3
  23          sbit DIG_F =P3^7;//8
  24          sbit DIG_G =P1^0;//9
  25          sbit DIG_dp =P1^4;//2
  26          #endif
  27          
  28          //0、1、2、3、4、5、6、7、8、9、A、b、C、d、E、F的显示码
  29          unsigned char code DIG_CODE[17] =
  30          {
  31              0x3f,0x06,0x5b,0x4f,0x66,0x6d,0x7d,0x07,
  32              0x7f,0x6f,0x77,0x7c,0x39,0x5e,0x79,0x71,0x00
  33          };
  34          
  35          static  unsigned char m_val[2];
  36          
  37          void SendIO(unsigned char m_val);
  38          void delay();
  39          
  40          void DigInit()
  41          {
  42   1          //推挽输出 Dig的片选端
  43   1      //    P1M1=(P1M1&(~0x82));
  44   1      //    P1M0=P1M0|0x82;
  45   1          P1M1=0xff;
  46   1          P1M0=0xFF;
  47   1          P1M1=(P1M1&(~0x82));
  48   1          P1M0=P1M0|0x82;
  49   1          P3M1 |=0xC0;
  50   1          P3M0 |=0xC0;
  51   1      }
  52          void DigDisplay()
  53          {
  54   1          DIG_CS1=0;
C51 COMPILER V9.60.0.0   DIG4201                                                           05/08/2020 23:04:03 PAGE 2   

  55   1          DIG_CS2=0;
  56   1      
  57   1          //SendIO(17);//不显示任何
  58   1          /*第一位*/
  59   1          SendIO(m_val[0]);
  60   1          DIG_CS1=1;
  61   1          delay();
  62   1          DIG_CS1=0;
  63   1      
  64   1          /*显示第二位*/
  65   1          SendIO(m_val[1]);
  66   1          DIG_CS2=1;
  67   1          delay();
  68   1          DIG_CS2=0;
  69   1      
  70   1      }
  71          void SetDataRaw(char raw,char idx)
  72          {
  73   1          idx=idx%sizeof(m_val);
  74   1          m_val[idx]=raw;
  75   1      }
  76          void Setdata( unsigned char val)
  77          {
  78   1          m_val[0]=~DIG_CODE[val%100/10];
  79   1          m_val[1]=~DIG_CODE[val%10];
  80   1      }
  81          
  82          void TestABCD(char val)
  83          {
  84   1          DIG_CS1=1;
  85   1          DIG_CS2=1;
  86   1          DIG_A =(val&0x01)!=0;
  87   1          DIG_B =(val&0x02)!=0;
  88   1          DIG_C =(val&0x04)!=0;
  89   1          DIG_D =(val&0x08)!=0;
  90   1          DIG_E =(val&0x10)!=0;
  91   1          DIG_F =(val&0x20)!=0;
  92   1          DIG_G =(val&0x40)!=0;
  93   1          DIG_dp=(val&0x80)!=0;
  94   1      
  95   1      }
  96          void SendIO(unsigned char val)
  97          {
  98   1          DIG_A =(val&0x01)!=0;
  99   1          DIG_B =(val&0x02)!=0;
 100   1          DIG_C =(val&0x04)!=0;
 101   1          DIG_D =(val&0x08)!=0;
 102   1          DIG_E =(val&0x10)!=0;
 103   1          DIG_F =(val&0x20)!=0;
 104   1          DIG_G =(val&0x40)!=0;
 105   1          DIG_dp=(val&0x80)!=0;
 106   1      }
 107          void delay()
 108          {
 109   1          int j = 100;             //扫描间隔时间设定
 110   1          while(j--);
 111   1      }


MODULE INFORMATION:   STATIC OVERLAYABLE
   CODE SIZE        =    299    ----
   CONSTANT SIZE    =     17    ----
C51 COMPILER V9.60.0.0   DIG4201                                                           05/08/2020 23:04:03 PAGE 3   

   XDATA SIZE       =   ----    ----
   PDATA SIZE       =   ----    ----
   DATA SIZE        =      2    ----
   IDATA SIZE       =   ----    ----
   BIT SIZE         =   ----    ----
   EDATA SIZE       =   ----    ----
   HDATA SIZE       =   ----    ----
   XDATA CONST SIZE =   ----    ----
   FAR CONST SIZE   =   ----    ----
END OF MODULE INFORMATION.


C51 COMPILATION COMPLETE.  0 WARNING(S),  0 ERROR(S)
